100
7171
The id of room[1] is:
2
79797979
91919191
565656
726
