--basic--
899
300
899
300
300
999
300
999
--nested--
2317
2317
1309
1309
2318
2318
1100
1100
--pre-determined control flow--
2861
