bar
literal
greater
smaller
less equal equal
less equal lesser
greater equal equal
greater equal greater
equal
not equal
