1
2
3
4
5
6
7
8
9
10
11
999999
13
14
1111111
2222222
