no args 1/1
bools 1/1
numbers 1/4
numbers 2/4
numbers 3/4
numbers 4/4
qwordToByte 1/3
qwordToByte 2/3
qwordToByte 3/3
qwordToWordToByte 1/6
qwordToWordToByte 2/6
qwordToWordToByte 3/6
qwordToWordToByte 4/6
qwordToWordToByte 5/6
qwordToWordToByte 6/6
