good
good
good
good
good
simple values pass
simple bool pass
