outter a
inner a
modified inner a
must go deeper!
outter a
reaching out
