a:
300
383
999999
b:
300
777777
999999
c:
333333
383
111111
d:
333333
222222
111111
arrFromA:
141414
969696
818181
arrFromAp:
141414
969696
818181
b's arr after assigning:
777666
555444
333222
a's arr after assigning through ar:
717171
424242
191919
