so is a substring of jjjjjjjjsojjjjj
so is not a substring of jjjjjjjjs
so is not a substring of jjojjjsjjjs
